###############################################################################
#
# IAR ANSI C/C++ Compiler V7.60.1.11101/W32 for ARM       16/Aug/2016  15:48:50
# Copyright 1999-2016 IAR Systems AB.
#
#    Cpu mode     =  thumb
#    Endian       =  little
#    Source file  =  
#        C:\Users\cwati\Documents\My
#        Work\Freescale\Bootloader\NXP_Kinetis_Bootloader_2_0_0\NXP_Kinetis_Bootloader_2_0_0\src\bootloader\src\bl_tree_root.c
#    Command line =  
#        "C:\Users\cwati\Documents\My
#        Work\Freescale\Bootloader\NXP_Kinetis_Bootloader_2_0_0\NXP_Kinetis_Bootloader_2_0_0\src\bootloader\src\bl_tree_root.c"
#        -D DEBUG -D NDEBUG -D USB_STACK_BM -D CPU_MK22FN512VDC12 -D
#        CPU_IS_ARM_CORTEX_M4=1 -D IAR -D FREEDOM -D BL_TARGET_FLASH -lC
#        "C:\Users\cwati\Documents\My
#        Work\Freescale\Bootloader\NXP_Kinetis_Bootloader_2_0_0\NXP_Kinetis_Bootloader_2_0_0\targets\MK22F51212\iar\freedom_bootloader\debug\list"
#        --diag_suppress Pa039,Pe068,Pe069,Pa082,Pe177,Pe186,Pe550,Pa050 -o
#        "C:\Users\cwati\Documents\My
#        Work\Freescale\Bootloader\NXP_Kinetis_Bootloader_2_0_0\NXP_Kinetis_Bootloader_2_0_0\targets\MK22F51212\iar\freedom_bootloader\debug\obj"
#        --no_unroll --debug --endian=little --cpu=Cortex-M4 -e --fpu=None
#        --dlib_config "C:\Program Files (x86)\IAR Systems\Embedded Workbench
#        7.4\arm\INC\c\DLib_Config_Normal.h" -I "C:\Users\cwati\Documents\My
#        Work\Freescale\Bootloader\NXP_Kinetis_Bootloader_2_0_0\NXP_Kinetis_Bootloader_2_0_0\targets\MK22F51212\iar\freedom_bootloader/../../src\"
#        -I "C:\Users\cwati\Documents\My
#        Work\Freescale\Bootloader\NXP_Kinetis_Bootloader_2_0_0\NXP_Kinetis_Bootloader_2_0_0\targets\MK22F51212\iar\freedom_bootloader/../../src/startup\"
#        -I "C:\Users\cwati\Documents\My
#        Work\Freescale\Bootloader\NXP_Kinetis_Bootloader_2_0_0\NXP_Kinetis_Bootloader_2_0_0\targets\MK22F51212\iar\freedom_bootloader/../../../../src/platform/devices/MK22F51212\"
#        -I "C:\Users\cwati\Documents\My
#        Work\Freescale\Bootloader\NXP_Kinetis_Bootloader_2_0_0\NXP_Kinetis_Bootloader_2_0_0\targets\MK22F51212\iar\freedom_bootloader/../../../../src/autobaud\"
#        -I "C:\Users\cwati\Documents\My
#        Work\Freescale\Bootloader\NXP_Kinetis_Bootloader_2_0_0\NXP_Kinetis_Bootloader_2_0_0\targets\MK22F51212\iar\freedom_bootloader/../../../../src/usb/include\"
#        -I "C:\Users\cwati\Documents\My
#        Work\Freescale\Bootloader\NXP_Kinetis_Bootloader_2_0_0\NXP_Kinetis_Bootloader_2_0_0\targets\MK22F51212\iar\freedom_bootloader/../../../../src/usb/osa\"
#        -I "C:\Users\cwati\Documents\My
#        Work\Freescale\Bootloader\NXP_Kinetis_Bootloader_2_0_0\NXP_Kinetis_Bootloader_2_0_0\targets\MK22F51212\iar\freedom_bootloader/../../../../src/usb/device\"
#        -I "C:\Users\cwati\Documents\My
#        Work\Freescale\Bootloader\NXP_Kinetis_Bootloader_2_0_0\NXP_Kinetis_Bootloader_2_0_0\targets\MK22F51212\iar\freedom_bootloader/../../../../src/usb/device/class\"
#        -I "C:\Users\cwati\Documents\My
#        Work\Freescale\Bootloader\NXP_Kinetis_Bootloader_2_0_0\NXP_Kinetis_Bootloader_2_0_0\targets\MK22F51212\iar\freedom_bootloader/../../../../src/bm_usb\"
#        -I "C:\Users\cwati\Documents\My
#        Work\Freescale\Bootloader\NXP_Kinetis_Bootloader_2_0_0\NXP_Kinetis_Bootloader_2_0_0\targets\MK22F51212\iar\freedom_bootloader/../../../../src/include\"
#        -I "C:\Users\cwati\Documents\My
#        Work\Freescale\Bootloader\NXP_Kinetis_Bootloader_2_0_0\NXP_Kinetis_Bootloader_2_0_0\targets\MK22F51212\iar\freedom_bootloader/../../../../src/platform\"
#        -I "C:\Users\cwati\Documents\My
#        Work\Freescale\Bootloader\NXP_Kinetis_Bootloader_2_0_0\NXP_Kinetis_Bootloader_2_0_0\targets\MK22F51212\iar\freedom_bootloader/../../../../src/platform/devices\"
#        -I "C:\Users\cwati\Documents\My
#        Work\Freescale\Bootloader\NXP_Kinetis_Bootloader_2_0_0\NXP_Kinetis_Bootloader_2_0_0\targets\MK22F51212\iar\freedom_bootloader/../../../../src/platform/CMSIS/Include\"
#        -I "C:\Users\cwati\Documents\My
#        Work\Freescale\Bootloader\NXP_Kinetis_Bootloader_2_0_0\NXP_Kinetis_Bootloader_2_0_0\targets\MK22F51212\iar\freedom_bootloader/../../../../src\"
#        -I "C:\Users\cwati\Documents\My
#        Work\Freescale\Bootloader\NXP_Kinetis_Bootloader_2_0_0\NXP_Kinetis_Bootloader_2_0_0\targets\MK22F51212\iar\freedom_bootloader/../../../../src/drivers\"
#        -I "C:\Users\cwati\Documents\My
#        Work\Freescale\Bootloader\NXP_Kinetis_Bootloader_2_0_0\NXP_Kinetis_Bootloader_2_0_0\targets\MK22F51212\iar\freedom_bootloader/../../../../src/startup\"
#        -I "C:\Users\cwati\Documents\My
#        Work\Freescale\Bootloader\NXP_Kinetis_Bootloader_2_0_0\NXP_Kinetis_Bootloader_2_0_0\targets\MK22F51212\iar\freedom_bootloader/../../../../src/drivers/common\"
#        -Ohz --use_c++_inline
#    Locale       =  C
#    List file    =  
#        C:\Users\cwati\Documents\My
#        Work\Freescale\Bootloader\NXP_Kinetis_Bootloader_2_0_0\NXP_Kinetis_Bootloader_2_0_0\targets\MK22F51212\iar\freedom_bootloader\debug\list\bl_tree_root.lst
#    Object file  =  
#        C:\Users\cwati\Documents\My
#        Work\Freescale\Bootloader\NXP_Kinetis_Bootloader_2_0_0\NXP_Kinetis_Bootloader_2_0_0\targets\MK22F51212\iar\freedom_bootloader\debug\obj\bl_tree_root.o
#
###############################################################################

C:\Users\cwati\Documents\My Work\Freescale\Bootloader\NXP_Kinetis_Bootloader_2_0_0\NXP_Kinetis_Bootloader_2_0_0\src\bootloader\src\bl_tree_root.c
      1          /*
      2           * Copyright (c) 2013, Freescale Semiconductor, Inc.
      3           * All rights reserved.
      4           *
      5           * Redistribution and use in source and binary forms, with or without modification,
      6           * are permitted provided that the following conditions are met:
      7           *
      8           * o Redistributions of source code must retain the above copyright notice, this list
      9           *   of conditions and the following disclaimer.
     10           *
     11           * o Redistributions in binary form must reproduce the above copyright notice, this
     12           *   list of conditions and the following disclaimer in the documentation and/or
     13           *   other materials provided with the distribution.
     14           *
     15           * o Neither the name of Freescale Semiconductor, Inc. nor the names of its
     16           *   contributors may be used to endorse or promote products derived from this
     17           *   software without specific prior written permission.
     18           *
     19           * THIS SOFTWARE IS PROVIDED BY THE COPYRIGHT HOLDERS AND CONTRIBUTORS "AS IS" AND
     20           * ANY EXPRESS OR IMPLIED WARRANTIES, INCLUDING, BUT NOT LIMITED TO, THE IMPLIED
     21           * WARRANTIES OF MERCHANTABILITY AND FITNESS FOR A PARTICULAR PURPOSE ARE
     22           * DISCLAIMED. IN NO EVENT SHALL THE COPYRIGHT HOLDER OR CONTRIBUTORS BE LIABLE FOR
     23           * ANY DIRECT, INDIRECT, INCIDENTAL, SPECIAL, EXEMPLARY, OR CONSEQUENTIAL DAMAGES
     24           * (INCLUDING, BUT NOT LIMITED TO, PROCUREMENT OF SUBSTITUTE GOODS OR SERVICES;
     25           * LOSS OF USE, DATA, OR PROFITS; OR BUSINESS INTERRUPTION) HOWEVER CAUSED AND ON
     26           * ANY THEORY OF LIABILITY, WHETHER IN CONTRACT, STRICT LIABILITY, OR TORT
     27           * (INCLUDING NEGLIGENCE OR OTHERWISE) ARISING IN ANY WAY OUT OF THE USE OF THIS
     28           * SOFTWARE, EVEN IF ADVISED OF THE POSSIBILITY OF SUCH DAMAGE.
     29           */
     30          
     31          #include "bootloader/bootloader.h"
     32          #include "flash/fsl_flash.h"
     33          #include "memory/src/flash_memory.h"
     34          #if BL_FEATURE_ENCRYPTION
     35          #include "security/aes_security.h"
     36          #endif // #if BL_FEATURE_ENCRYPTION
     37          
     38          //! @addtogroup context
     39          //! @{
     40          
     41          ////////////////////////////////////////////////////////////////////////////////
     42          // Variables
     43          ////////////////////////////////////////////////////////////////////////////////
     44          
     45          //! @brief Function table for flash driver.

   \                                 In section .rodata, align 4, keep-with-next
     46          const flash_driver_interface_t g_flashDriverInterface = {
   \                     g_flashDriverInterface:
   \   00000000   0x00 0x01          DC8 0, 1, 2, 70
   \              0x02 0x46    
   \   00000004   0x........         DC32 FLASH_Init, FLASH_EraseAll, 0H, FLASH_Erase, FLASH_Program
   \              0x........   
   \              0x00000000   
   \              0x........   
   \              0x........   
   \   00000018   0x........         DC32 FLASH_GetSecurityState, FLASH_SecurityBypass, FLASH_VerifyEraseAll
   \              0x........   
   \              0x........   
   \   00000024   0x........         DC32 FLASH_VerifyErase, FLASH_VerifyProgram, FLASH_GetProperty, 0H
   \              0x........   
   \              0x........   
   \              0x00000000   
   \   00000034   0x........         DC32 FLASH_ProgramOnce, FLASH_ReadOnce, FLASH_ReadResource
   \              0x........   
   \              0x........   
   \   00000040   0x........         DC32 FLASH_PrepareExecuteInRamFunctions, FLASH_IsExecuteOnly, 0H, 0H
   \              0x........   
   \              0x00000000   
   \              0x00000000   
   \   00000050   0x00000000         DC32 0H, 0H
   \              0x00000000   
     47              .version = {.name = kFLASH_DriverVersionName,
     48                          .major = kFLASH_DriverVersionMajor,
     49                          .minor = kFLASH_DriverVersionMinor,
     50                          .bugfix = kFLASH_DriverVersionBugfix },
     51              .flash_init = FLASH_Init,
     52              .flash_erase_all = FLASH_EraseAll,
     53          #if BL_FEATURE_ERASEALL_UNSECURE
     54              .flash_erase_all_unsecure = FLASH_EraseAllUnsecure,
     55          #else
     56              .flash_erase_all_unsecure = NULL,
     57          #endif
     58              .flash_erase = FLASH_Erase,
     59              .flash_program = FLASH_Program,
     60              .flash_get_security_state = FLASH_GetSecurityState,
     61              .flash_security_bypass = FLASH_SecurityBypass,
     62              .flash_verify_erase_all = FLASH_VerifyEraseAll,
     63              .flash_verify_erase = FLASH_VerifyErase,
     64              .flash_verify_program = FLASH_VerifyProgram,
     65              .flash_get_property = FLASH_GetProperty,
     66          #if BL_FEATURE_BYPASS_WATCHDOG
     67              .flash_register_callback = FLASH_SetCallback,
     68          #else
     69              .flash_register_callback = NULL,
     70          #endif
     71          #if !BL_FEATURE_MIN_PROFILE
     72              .flash_program_once = FLASH_ProgramOnce,
     73              .flash_read_once = FLASH_ReadOnce,
     74              .flash_read_resource = FLASH_ReadResource,
     75          #else
     76              .flash_program_once = NULL,
     77              .flash_read_once = NULL,
     78              .flash_read_resource = NULL,
     79          #endif
     80          #if BL_TARGET_FLASH
     81              .flash_prepare_execute_in_ram_functions = FLASH_PrepareExecuteInRamFunctions,
     82          #else
     83              .flash_prepare_execute_in_ram_functions = NULL,
     84          #endif
     85              .flash_is_execute_only = FLASH_IsExecuteOnly,
     86          #if BL_FEATURE_FAC_ERASE
     87              .flash_erase_all_execute_only_segments = FLASH_EraseAllExecuteOnlySegments,
     88              .flash_verify_erase_all_execute_only_segments = FLASH_VerifyEraseAllExecuteOnlySegments,
     89          #else
     90              .flash_erase_all_execute_only_segments = NULL,
     91              .flash_verify_erase_all_execute_only_segments = NULL,
     92          #endif
     93          #if BL_IS_FLASH_SECTION_PROGRAMMING_ENABLED
     94          #if FSL_FEATURE_FLASH_HAS_SET_FLEXRAM_FUNCTION_CMD
     95              .flash_set_flexram_function = FLASH_SetFlexramFunction,
     96          #else
     97              .flash_set_flexram_function = NULL,
     98          #endif
     99              .flash_program_section = FLASH_ProgramSection,
    100          #else
    101              .flash_set_flexram_function = NULL,
    102              .flash_program_section = NULL,
    103          #endif
    104          };
    105          

   \                                 In section .rodata, align 4, keep-with-next
    106          const aes_driver_interface_t g_aesInterface = {
   \                     g_aesInterface:
   \   00000000   0x00000000         DC32 0H
   \   00000004   0x00 0x00          DC8 0, 0, 0, 0, 0, 0, 0, 0
   \              0x00 0x00    
   \              0x00 0x00    
   \              0x00 0x00    
    107          #if AES_SECURITY_SUPPORTED
    108              .aes_init = aes_init, .aes_encrypt = aes_encrypt, .aes_decrypt = aes_decrypt
    109          };
    110          #else
    111              0
    112          };
    113          #endif
    114          
    115          //! @brief Copyright string for the bootloader.

   \                                 In section .rodata, align 4, keep-with-next
    116          const char bootloaderCopyright[] = "Copyright (c) 2013-2016 Freescale Semiconductor, Inc. All rights reserved.";
   \                     bootloaderCopyright:
   \   00000000   0x43 0x6F          DC8 43H, 6FH, 70H, 79H, 72H, 69H, 67H, 68H
   \              0x70 0x79    
   \              0x72 0x69    
   \              0x67 0x68    
   \   00000008   0x74 0x20          DC8 74H, 20H, 28H, 63H, 29H, 20H, 32H, 30H
   \              0x28 0x63    
   \              0x29 0x20    
   \              0x32 0x30    
   \   00000010   0x31 0x33          DC8 31H, 33H, 2DH, 32H, 30H, 31H, 36H, 20H
   \              0x2D 0x32    
   \              0x30 0x31    
   \              0x36 0x20    
   \   00000018   0x46 0x72          DC8 46H, 72H, 65H, 65H, 73H, 63H, 61H, 6CH
   \              0x65 0x65    
   \              0x73 0x63    
   \              0x61 0x6C    
   \   00000020   0x65 0x20          DC8 65H, 20H, 53H, 65H, 6DH, 69H, 63H, 6FH
   \              0x53 0x65    
   \              0x6D 0x69    
   \              0x63 0x6F    
   \   00000028   0x6E 0x64          DC8 6EH, 64H, 75H, 63H, 74H, 6FH, 72H, 2CH
   \              0x75 0x63    
   \              0x74 0x6F    
   \              0x72 0x2C    
   \   00000030   0x20 0x49          DC8 20H, 49H, 6EH, 63H, 2EH, 20H, 41H, 6CH
   \              0x6E 0x63    
   \              0x2E 0x20    
   \              0x41 0x6C    
   \   00000038   0x6C 0x20          DC8 6CH, 20H, 72H, 69H, 67H, 68H, 74H, 73H
   \              0x72 0x69    
   \              0x67 0x68    
   \              0x74 0x73    
   \   00000040   0x20 0x72          DC8 20H, 72H, 65H, 73H, 65H, 72H, 76H, 65H
   \              0x65 0x73    
   \              0x65 0x72    
   \              0x76 0x65    
   \   00000048   0x64 0x2E          DC8 64H, 2EH, 0
   \              0x00         
   \   0000004B   0x00               DC8 0
    117          
    118          //! @brief Static API tree.

   \                                 In section .rodata, align 4, keep-with-next
    119          const bootloader_tree_t g_bootloaderTree = {.runBootloader = bootloader_user_entry,
   \                     g_bootloaderTree:
   \   00000000   0x........         DC32 bootloader_user_entry
   \   00000004   0x00 0x00          DC8 0, 0, 2, 75
   \              0x02 0x4B    
   \   00000008   0x........         DC32 bootloaderCopyright, g_bootloaderContext, g_flashDriverInterface
   \              0x........   
   \              0x........   
   \   00000014   0x........         DC32 g_aesInterface
    120                                                      .version = {.name = kBootloader_Version_Name,
    121                                                                  .major = kBootloader_Version_Major,
    122                                                                  .minor = kBootloader_Version_Minor,
    123                                                                  .bugfix = kBootloader_Version_Bugfix },
    124                                                      .copyright = bootloaderCopyright,
    125                                                      .runtimeContext = &g_bootloaderContext,
    126                                                      .flashDriver = &g_flashDriverInterface,
    127                                                      .aesDriver = &g_aesInterface };
    128          
    129          //! @}
    130          
    131          ////////////////////////////////////////////////////////////////////////////////
    132          // EOF
    133          ////////////////////////////////////////////////////////////////////////////////


   Section sizes:

   Bytes  Function/Label
   -----  --------------
      76  bootloaderCopyright
      12  g_aesInterface
      24  g_bootloaderTree
      88  g_flashDriverInterface

 
 200 bytes in section .rodata
 
 200 bytes of CONST memory

Errors: none
Warnings: none
